
> drawcircuit@1.0.0 build
> tsc -b && vite build

vite v7.3.6 building client environment for production...
transforming...
✓ 1626 modules transformed.
rendering chunks...
computing gzip size...
dist/index.html                                      0.71 kB │ gzip:   0.42 kB
dist/assets/kalam-latin-400-normal-Bl-H2BUA.woff    17.67 kB
dist/assets/kalam-latin-400-normal-BthBl_aR.woff2   22.34 kB
dist/assets/inter-latin-400-normal-C38fXH4l.woff2   23.66 kB
dist/assets/inter-latin-500-normal-Cerq10X2.woff2   24.27 kB
dist/assets/inter-latin-700-normal-Yt3aPRUw.woff2   24.36 kB
dist/assets/inter-latin-600-normal-LgqL8muc.woff2   24.45 kB
dist/assets/inter-latin-400-normal-CyCys3Eg.woff    30.70 kB
dist/assets/inter-latin-600-normal-CiBQ2DWP.woff    31.26 kB
dist/assets/inter-latin-500-normal-BL9OpVg8.woff    31.28 kB
dist/assets/inter-latin-700-normal-BLAVimhd.woff    31.32 kB
dist/assets/index-foi_zDeU.css                      20.38 kB │ gzip:   5.32 kB
dist/assets/index-B6_V4LT1.js                      337.10 kB │ gzip: 107.49 kB
✓ built in 949ms
